// Jest Snapshot v1, https://goo.gl/fbAQLP

exports[`Filter Users renders the component 1`] = `
<div class="filterContainer">
  <form><input type="text" name="search" placeholder="Escreva aqui o nome de um usuÃ¡rio"><button type="submit" class="btn-primary">Buscar</button>
    <!--v-if-->
  </form>
</div>
`;
