// Jest Snapshot v1, https://goo.gl/fbAQLP

exports[`Home renders the component 1`] = `
<div class="home">
  <header>
    <h1 class="title">Github Users</h1>
  </header>
  <filter-users-stub></filter-users-stub>
  <user-list-stub></user-list-stub>
</div>
`;
