// Jest Snapshot v1, https://goo.gl/fbAQLP

exports[`Home Should renders the component 1`] = `
<div class="containerUsers">
  <pagination-stub></pagination-stub>
</div>
`;
